# serializer version: 1
# name: test_info_json_snapshot[info_json]
  dict({
    'counts': dict({
      'objectives': 1,
      'rules': 8,
      'threats': 1,
    }),
    'platforms': list([
      dict({
        'can_deploy': True,
        'can_validate': True,
        'enabled': True,
        'name': 'carbon_black_cloud',
      }),
      dict({
        'can_deploy': False,
        'can_validate': False,
        'enabled': True,
        'name': 'crowdstrike',
      }),
      dict({
        'can_deploy': False,
        'can_validate': False,
        'enabled': True,
        'name': 'defender_for_endpoint',
      }),
      dict({
        'can_deploy': False,
        'can_validate': False,
        'enabled': True,
        'name': 'harfanglab',
      }),
      dict({
        'can_deploy': False,
        'can_validate': False,
        'enabled': True,
        'name': 'sentinel',
      }),
      dict({
        'can_deploy': False,
        'can_validate': False,
        'enabled': True,
        'name': 'sentinel_one',
      }),
      dict({
        'can_deploy': True,
        'can_validate': True,
        'enabled': True,
        'name': 'splunk',
      }),
    ]),
  })
# ---
# name: test_info_no_color_text_snapshot[info_no_color]
  '''
                        OpenTide Info                       
  ┏━━━━━━━━━━━━━━━━━━━━━━━┳━━━━━━━━━━━━━━━━━━━━━━━━━━━━━━━━┓
  ┃ Key                   ┃ Value                          ┃
  ┡━━━━━━━━━━━━━━━━━━━━━━━╇━━━━━━━━━━━━━━━━━━━━━━━━━━━━━━━━┩
  │ Version               │ <version> │
  │ Rules                 │ 8                              │
  │ Threats               │ 1                              │
  │ Objectives            │ 1                              │
  │ carbon_black_cloud    │ enabled=True                   │
  │ crowdstrike           │ enabled=True                   │
  │ defender_for_endpoint │ enabled=True                   │
  │ harfanglab            │ enabled=True                   │
  │ sentinel              │ enabled=True                   │
  │ sentinel_one          │ enabled=True                   │
  │ splunk                │ enabled=True                   │
  └───────────────────────┴────────────────────────────────┘
  
  '''
# ---
